0 verbose cli /Users/surajanand/.nvm/versions/node/v20.11.0/bin/node /Users/surajanand/.nvm/versions/node/v20.11.0/bin/npm
1 info using npm@10.2.4
2 info using node@v20.11.0
3 timing npm:load:whichnode Completed in 1ms
4 timing config:load:defaults Completed in 1ms
5 timing config:load:file:/Users/surajanand/.nvm/versions/node/v20.11.0/lib/node_modules/npm/npmrc Completed in 1ms
6 timing config:load:builtin Completed in 1ms
7 timing config:load:cli Completed in 1ms
8 timing config:load:env Completed in 0ms
9 timing config:load:file:/Applications/MAMP/htdocs/bits-course/.npmrc Completed in 0ms
10 timing config:load:project Completed in 2ms
11 timing config:load:file:/Users/surajanand/.npmrc Completed in 1ms
12 timing config:load:user Completed in 2ms
13 timing config:load:file:/Users/surajanand/.nvm/versions/node/v20.11.0/etc/npmrc Completed in 0ms
14 timing config:load:global Completed in 0ms
15 timing config:load:setEnvs Completed in 1ms
16 timing config:load Completed in 8ms
17 timing npm:load:configload Completed in 8ms
18 timing config:load:flatten Completed in 1ms
19 timing npm:load:mkdirpcache Completed in 0ms
20 timing npm:load:mkdirplogs Completed in 0ms
21 verbose title npm view clawdbot@latest version
22 verbose argv "view" "clawdbot@latest" "version"
23 timing npm:load:setTitle Completed in 11ms
24 timing npm:load:display Completed in 0ms
25 verbose logfile logs-max:10 dir:/Applications/MAMP/htdocs/bits-course/.npm-cache/_logs/2026-01-28T16_07_45_013Z-
26 verbose logfile /Applications/MAMP/htdocs/bits-course/.npm-cache/_logs/2026-01-28T16_07_45_013Z-debug-0.log
27 timing npm:load:logFile Completed in 5ms
28 timing npm:load:timers Completed in 0ms
29 timing npm:load:configScope Completed in 0ms
30 timing npm:load Completed in 33ms
31 silly logfile done cleaning log files
32 http fetch GET 200 https://registry.npmjs.org/clawdbot 340ms (cache revalidated)
33 timing command:view Completed in 347ms
34 verbose exit 0
35 timing npm Completed in 503ms
36 info ok
