0 verbose cli /opt/homebrew/Cellar/node@22/22.22.0/bin/node /opt/homebrew/Cellar/node@22/22.22.0/lib/node_modules/npm/bin/npm-cli.js
1 info using npm@10.9.4
2 info using node@v22.22.0
3 silly config load:file:/opt/homebrew/Cellar/node@22/22.22.0/lib/node_modules/npm/npmrc
4 silly config load:file:/Applications/MAMP/htdocs/bits-course/.npmrc
5 silly config load:file:/Users/surajanand/.npmrc
6 silly config load:file:/opt/homebrew/etc/npmrc
7 verbose title npm exec molthub@latest install sonoscli
8 verbose argv "exec" "--" "molthub@latest" "install" "sonoscli"
9 verbose logfile logs-max:10 dir:/Applications/MAMP/htdocs/bits-course/.npm-cache/_logs/2026-01-28T17_50_41_565Z-
10 verbose logfile /Applications/MAMP/htdocs/bits-course/.npm-cache/_logs/2026-01-28T17_50_41_565Z-debug-0.log
11 silly logfile start cleaning logs, removing 4 files
12 silly packumentCache heap:4345298944 maxSize:1086324736 maxEntrySize:543162368
13 silly logfile done cleaning log files
14 http fetch GET 200 https://registry.npmjs.org/molthub 1296ms (cache miss)
15 silly packumentCache heap:4345298944 maxSize:1086324736 maxEntrySize:543162368
16 silly packumentCache heap:4345298944 maxSize:1086324736 maxEntrySize:543162368
17 silly idealTree buildDeps
18 silly fetch manifest molthub@0.3.1-beta.1
19 silly packumentCache full:https://registry.npmjs.org/molthub cache-miss
20 http fetch GET 200 https://registry.npmjs.org/molthub 689ms (cache miss)
21 silly packumentCache full:https://registry.npmjs.org/molthub set size:undefined disposed:false
22 silly placeDep ROOT molthub@0.3.1-beta.1 OK for:  want: 0.3.1-beta.1
23 silly fetch manifest @clack/prompts@^0.11.0
24 silly packumentCache full:https://registry.npmjs.org/@clack%2fprompts cache-miss
25 silly fetch manifest arktype@^2.1.29
26 silly packumentCache full:https://registry.npmjs.org/arktype cache-miss
27 silly fetch manifest commander@^14.0.2
28 silly packumentCache full:https://registry.npmjs.org/commander cache-miss
29 silly fetch manifest fflate@^0.8.2
30 silly packumentCache full:https://registry.npmjs.org/fflate cache-miss
31 silly fetch manifest ignore@^7.0.5
32 silly packumentCache full:https://registry.npmjs.org/ignore cache-miss
33 silly fetch manifest json5@^2.2.3
34 silly packumentCache full:https://registry.npmjs.org/json5 cache-miss
35 silly fetch manifest mime@^4.1.0
36 silly packumentCache full:https://registry.npmjs.org/mime cache-miss
37 http fetch GET 200 https://registry.npmjs.org/arktype 115ms (cache miss)
38 silly packumentCache full:https://registry.npmjs.org/arktype set size:undefined disposed:false
39 silly fetch manifest ora@^9.0.0
40 silly packumentCache full:https://registry.npmjs.org/ora cache-miss
41 http fetch GET 200 https://registry.npmjs.org/ora 82ms (cache revalidated)
42 silly packumentCache full:https://registry.npmjs.org/ora set size:137369 disposed:false
43 silly fetch manifest p-retry@^7.1.1
44 silly packumentCache full:https://registry.npmjs.org/p-retry cache-miss
45 http fetch GET 200 https://registry.npmjs.org/p-retry 73ms (cache revalidated)
46 silly packumentCache full:https://registry.npmjs.org/p-retry set size:69543 disposed:false
47 silly fetch manifest semver@^7.7.3
48 silly packumentCache full:https://registry.npmjs.org/semver cache-miss
49 http fetch GET 200 https://registry.npmjs.org/semver 81ms (cache revalidated)
50 silly packumentCache full:https://registry.npmjs.org/semver set size:226907 disposed:false
51 silly fetch manifest undici@^7.16.0
52 silly packumentCache full:https://registry.npmjs.org/undici cache-miss
53 http fetch GET 200 https://registry.npmjs.org/undici 73ms (cache revalidated)
54 silly packumentCache full:https://registry.npmjs.org/undici set size:1251469 disposed:false
55 http fetch GET 200 https://registry.npmjs.org/commander 513ms (cache revalidated)
56 silly packumentCache full:https://registry.npmjs.org/commander set size:345426 disposed:false
57 http fetch GET 200 https://registry.npmjs.org/json5 562ms (cache revalidated)
58 silly packumentCache full:https://registry.npmjs.org/json5 set size:86136 disposed:false
59 http fetch GET 200 https://registry.npmjs.org/ignore 564ms (cache revalidated)
60 silly packumentCache full:https://registry.npmjs.org/ignore set size:237380 disposed:false
61 http fetch GET 200 https://registry.npmjs.org/@clack%2fprompts 567ms (cache revalidated)
62 silly packumentCache full:https://registry.npmjs.org/@clack%2fprompts set size:147159 disposed:false
63 http fetch GET 200 https://registry.npmjs.org/fflate 568ms (cache miss)
64 silly packumentCache full:https://registry.npmjs.org/fflate set size:undefined disposed:false
65 http fetch GET 200 https://registry.npmjs.org/mime 571ms (cache miss)
66 silly packumentCache full:https://registry.npmjs.org/mime set size:undefined disposed:false
67 silly placeDep ROOT @clack/prompts@0.11.0 OK for: molthub@0.3.1-beta.1 want: ^0.11.0
68 silly placeDep ROOT arktype@2.1.29 OK for: molthub@0.3.1-beta.1 want: ^2.1.29
69 silly placeDep ROOT commander@14.0.2 OK for: molthub@0.3.1-beta.1 want: ^14.0.2
70 silly placeDep ROOT fflate@0.8.2 OK for: molthub@0.3.1-beta.1 want: ^0.8.2
71 silly placeDep ROOT ignore@7.0.5 OK for: molthub@0.3.1-beta.1 want: ^7.0.5
72 silly placeDep ROOT json5@2.2.3 OK for: molthub@0.3.1-beta.1 want: ^2.2.3
73 silly placeDep ROOT mime@4.1.0 OK for: molthub@0.3.1-beta.1 want: ^4.1.0
74 silly placeDep ROOT ora@9.1.0 OK for: molthub@0.3.1-beta.1 want: ^9.0.0
75 silly placeDep ROOT p-retry@7.1.1 OK for: molthub@0.3.1-beta.1 want: ^7.1.1
76 silly placeDep ROOT semver@7.7.3 OK for: molthub@0.3.1-beta.1 want: ^7.7.3
77 silly placeDep ROOT undici@7.19.2 OK for: molthub@0.3.1-beta.1 want: ^7.16.0
78 silly fetch manifest picocolors@^1.0.0
79 silly packumentCache full:https://registry.npmjs.org/picocolors cache-miss
80 silly fetch manifest sisteransi@^1.0.5
81 silly packumentCache full:https://registry.npmjs.org/sisteransi cache-miss
82 silly fetch manifest @clack/core@0.5.0
83 silly packumentCache full:https://registry.npmjs.org/@clack%2fcore cache-miss
84 silly fetch manifest @ark/util@0.56.0
85 silly packumentCache full:https://registry.npmjs.org/@ark%2futil cache-miss
86 silly fetch manifest @ark/schema@0.56.0
87 silly packumentCache full:https://registry.npmjs.org/@ark%2fschema cache-miss
88 silly fetch manifest arkregex@0.0.5
89 silly packumentCache full:https://registry.npmjs.org/arkregex cache-miss
90 silly fetch manifest chalk@^5.6.2
91 silly packumentCache full:https://registry.npmjs.org/chalk cache-miss
92 http fetch GET 200 https://registry.npmjs.org/sisteransi 77ms (cache revalidated)
93 silly packumentCache full:https://registry.npmjs.org/sisteransi set size:23215 disposed:false
94 silly fetch manifest cli-cursor@^5.0.0
95 silly packumentCache full:https://registry.npmjs.org/cli-cursor cache-miss
96 http fetch GET 200 https://registry.npmjs.org/picocolors 78ms (cache revalidated)
97 silly packumentCache full:https://registry.npmjs.org/picocolors set size:16648 disposed:false
98 silly fetch manifest cli-spinners@^3.2.0
99 silly packumentCache full:https://registry.npmjs.org/cli-spinners cache-miss
100 http fetch GET 200 https://registry.npmjs.org/chalk 79ms (cache revalidated)
101 silly packumentCache full:https://registry.npmjs.org/chalk set size:117861 disposed:false
102 silly fetch manifest is-interactive@^2.0.0
103 silly packumentCache full:https://registry.npmjs.org/is-interactive cache-miss
104 http fetch GET 200 https://registry.npmjs.org/arkregex 81ms (cache miss)
105 silly packumentCache full:https://registry.npmjs.org/arkregex set size:undefined disposed:false
106 silly fetch manifest is-unicode-supported@^2.1.0
107 silly packumentCache full:https://registry.npmjs.org/is-unicode-supported cache-miss
108 http fetch GET 200 https://registry.npmjs.org/@clack%2fcore 93ms (cache revalidated)
109 silly packumentCache full:https://registry.npmjs.org/@clack%2fcore set size:123177 disposed:false
110 silly fetch manifest log-symbols@^7.0.1
111 silly packumentCache full:https://registry.npmjs.org/log-symbols cache-miss
112 http fetch GET 200 https://registry.npmjs.org/cli-cursor 91ms (cache revalidated)
113 silly packumentCache full:https://registry.npmjs.org/cli-cursor set size:18913 disposed:false
114 silly fetch manifest stdin-discarder@^0.2.2
115 silly packumentCache full:https://registry.npmjs.org/stdin-discarder cache-miss
116 http fetch GET 200 https://registry.npmjs.org/cli-spinners 91ms (cache revalidated)
117 silly packumentCache full:https://registry.npmjs.org/cli-spinners set size:67473 disposed:false
118 silly fetch manifest string-width@^8.1.0
119 silly packumentCache full:https://registry.npmjs.org/string-width cache-miss
120 http fetch GET 200 https://registry.npmjs.org/is-interactive 91ms (cache revalidated)
121 silly packumentCache full:https://registry.npmjs.org/is-interactive set size:10692 disposed:false
122 silly fetch manifest is-network-error@^1.1.0
123 silly packumentCache full:https://registry.npmjs.org/is-network-error cache-miss
124 http fetch GET 200 https://registry.npmjs.org/is-unicode-supported 92ms (cache revalidated)
125 silly packumentCache full:https://registry.npmjs.org/is-unicode-supported set size:19461 disposed:false
126 http fetch GET 200 https://registry.npmjs.org/log-symbols 137ms (cache revalidated)
127 silly packumentCache full:https://registry.npmjs.org/log-symbols set size:31977 disposed:false
128 http fetch GET 200 https://registry.npmjs.org/is-network-error 87ms (cache miss)
129 silly packumentCache full:https://registry.npmjs.org/is-network-error set size:undefined disposed:false
130 http fetch GET 200 https://registry.npmjs.org/stdin-discarder 134ms (cache revalidated)
131 silly packumentCache full:https://registry.npmjs.org/stdin-discarder set size:13423 disposed:false
132 http fetch GET 200 https://registry.npmjs.org/string-width 133ms (cache revalidated)
133 silly packumentCache full:https://registry.npmjs.org/string-width set size:64158 disposed:false
134 http fetch GET 200 https://registry.npmjs.org/@ark%2futil 2282ms (cache miss)
135 silly packumentCache full:https://registry.npmjs.org/@ark%2futil set size:undefined disposed:false
136 http fetch GET 200 https://registry.npmjs.org/@ark%2fschema 2429ms (cache miss)
137 silly packumentCache full:https://registry.npmjs.org/@ark%2fschema set size:undefined disposed:false
138 silly placeDep ROOT @clack/core@0.5.0 OK for: @clack/prompts@0.11.0 want: 0.5.0
139 silly placeDep ROOT picocolors@1.1.1 OK for: @clack/prompts@0.11.0 want: ^1.0.0
140 silly placeDep ROOT sisteransi@1.0.5 OK for: @clack/prompts@0.11.0 want: ^1.0.5
141 silly placeDep ROOT @ark/schema@0.56.0 OK for: arktype@2.1.29 want: 0.56.0
142 silly placeDep ROOT @ark/util@0.56.0 OK for: arktype@2.1.29 want: 0.56.0
143 silly placeDep ROOT arkregex@0.0.5 OK for: arktype@2.1.29 want: 0.0.5
144 silly placeDep ROOT chalk@5.6.2 OK for: ora@9.1.0 want: ^5.6.2
145 silly placeDep ROOT cli-cursor@5.0.0 OK for: ora@9.1.0 want: ^5.0.0
146 silly placeDep ROOT cli-spinners@3.4.0 OK for: ora@9.1.0 want: ^3.2.0
147 silly placeDep ROOT is-interactive@2.0.0 OK for: ora@9.1.0 want: ^2.0.0
148 silly placeDep ROOT is-unicode-supported@2.1.0 OK for: ora@9.1.0 want: ^2.1.0
149 silly placeDep ROOT log-symbols@7.0.1 OK for: ora@9.1.0 want: ^7.0.1
150 silly placeDep ROOT stdin-discarder@0.2.2 OK for: ora@9.1.0 want: ^0.2.2
151 silly placeDep ROOT string-width@8.1.0 OK for: ora@9.1.0 want: ^8.1.0
152 silly fetch manifest restore-cursor@^5.0.0
153 silly packumentCache full:https://registry.npmjs.org/restore-cursor cache-miss
154 silly fetch manifest yoctocolors@^2.1.1
155 silly packumentCache full:https://registry.npmjs.org/yoctocolors cache-miss
156 silly fetch manifest get-east-asian-width@^1.3.0
157 silly packumentCache full:https://registry.npmjs.org/get-east-asian-width cache-miss
158 silly fetch manifest strip-ansi@^7.1.0
159 silly packumentCache full:https://registry.npmjs.org/strip-ansi cache-miss
160 http fetch GET 200 https://registry.npmjs.org/restore-cursor 92ms (cache revalidated)
161 silly packumentCache full:https://registry.npmjs.org/restore-cursor set size:17895 disposed:false
162 http fetch GET 200 https://registry.npmjs.org/strip-ansi 94ms (cache revalidated)
163 silly packumentCache full:https://registry.npmjs.org/strip-ansi set size:41855 disposed:false
164 http fetch GET 200 https://registry.npmjs.org/get-east-asian-width 95ms (cache revalidated)
165 silly packumentCache full:https://registry.npmjs.org/get-east-asian-width set size:16137 disposed:false
166 http fetch GET 200 https://registry.npmjs.org/yoctocolors 96ms (cache revalidated)
167 silly packumentCache full:https://registry.npmjs.org/yoctocolors set size:25767 disposed:false
168 silly placeDep ROOT restore-cursor@5.1.0 OK for: cli-cursor@5.0.0 want: ^5.0.0
169 silly fetch manifest onetime@^7.0.0
170 silly packumentCache full:https://registry.npmjs.org/onetime cache-miss
171 silly fetch manifest signal-exit@^4.1.0
172 silly packumentCache full:https://registry.npmjs.org/signal-exit cache-miss
173 http fetch GET 200 https://registry.npmjs.org/signal-exit 78ms (cache revalidated)
174 silly packumentCache full:https://registry.npmjs.org/signal-exit set size:53489 disposed:false
175 http fetch GET 200 https://registry.npmjs.org/onetime 84ms (cache revalidated)
176 silly packumentCache full:https://registry.npmjs.org/onetime set size:30525 disposed:false
177 silly placeDep ROOT yoctocolors@2.1.2 OK for: log-symbols@7.0.1 want: ^2.1.1
178 silly placeDep ROOT is-network-error@1.3.0 OK for: p-retry@7.1.1 want: ^1.1.0
179 silly placeDep ROOT onetime@7.0.0 OK for: restore-cursor@5.1.0 want: ^7.0.0
180 silly placeDep ROOT signal-exit@4.1.0 OK for: restore-cursor@5.1.0 want: ^4.1.0
181 silly fetch manifest mimic-function@^5.0.0
182 silly packumentCache full:https://registry.npmjs.org/mimic-function cache-miss
183 http fetch GET 200 https://registry.npmjs.org/mimic-function 62ms (cache revalidated)
184 silly packumentCache full:https://registry.npmjs.org/mimic-function set size:6356 disposed:false
185 silly placeDep ROOT mimic-function@5.0.1 OK for: onetime@7.0.0 want: ^5.0.0
186 silly placeDep ROOT get-east-asian-width@1.4.0 OK for: string-width@8.1.0 want: ^1.3.0
187 silly placeDep ROOT strip-ansi@7.1.2 OK for: string-width@8.1.0 want: ^7.1.0
188 silly fetch manifest ansi-regex@^6.0.1
189 silly packumentCache full:https://registry.npmjs.org/ansi-regex cache-miss
190 http fetch GET 200 https://registry.npmjs.org/ansi-regex 80ms (cache revalidated)
191 silly packumentCache full:https://registry.npmjs.org/ansi-regex set size:43572 disposed:false
192 silly placeDep ROOT ansi-regex@6.2.2 OK for: strip-ansi@7.1.2 want: ^6.0.1
193 silly reify moves {}
194 silly audit bulk request {
194 silly audit   molthub: [ '0.3.1-beta.1' ],
194 silly audit   '@clack/prompts': [ '0.11.0' ],
194 silly audit   arktype: [ '2.1.29' ],
194 silly audit   commander: [ '14.0.2' ],
194 silly audit   fflate: [ '0.8.2' ],
194 silly audit   ignore: [ '7.0.5' ],
194 silly audit   json5: [ '2.2.3' ],
194 silly audit   mime: [ '4.1.0' ],
194 silly audit   ora: [ '9.1.0' ],
194 silly audit   'p-retry': [ '7.1.1' ],
194 silly audit   semver: [ '7.7.3' ],
194 silly audit   undici: [ '7.19.2' ],
194 silly audit   '@clack/core': [ '0.5.0' ],
194 silly audit   picocolors: [ '1.1.1' ],
194 silly audit   sisteransi: [ '1.0.5' ],
194 silly audit   '@ark/schema': [ '0.56.0' ],
194 silly audit   '@ark/util': [ '0.56.0' ],
194 silly audit   arkregex: [ '0.0.5' ],
194 silly audit   chalk: [ '5.6.2' ],
194 silly audit   'cli-cursor': [ '5.0.0' ],
194 silly audit   'cli-spinners': [ '3.4.0' ],
194 silly audit   'is-interactive': [ '2.0.0' ],
194 silly audit   'is-unicode-supported': [ '2.1.0' ],
194 silly audit   'log-symbols': [ '7.0.1' ],
194 silly audit   'stdin-discarder': [ '0.2.2' ],
194 silly audit   'string-width': [ '8.1.0' ],
194 silly audit   'restore-cursor': [ '5.1.0' ],
194 silly audit   yoctocolors: [ '2.1.2' ],
194 silly audit   'is-network-error': [ '1.3.0' ],
194 silly audit   onetime: [ '7.0.0' ],
194 silly audit   'signal-exit': [ '4.1.0' ],
194 silly audit   'mimic-function': [ '5.0.1' ],
194 silly audit   'get-east-asian-width': [ '1.4.0' ],
194 silly audit   'strip-ansi': [ '7.1.2' ],
194 silly audit   'ansi-regex': [ '6.2.2' ]
194 silly audit }
195 http cache ansi-regex@https://registry.npmjs.org/ansi-regex/-/ansi-regex-6.2.2.tgz 0ms (cache hit)
196 http cache get-east-asian-width@https://registry.npmjs.org/get-east-asian-width/-/get-east-asian-width-1.4.0.tgz 0ms (cache hit)
197 http cache strip-ansi@https://registry.npmjs.org/strip-ansi/-/strip-ansi-7.1.2.tgz 0ms (cache hit)
198 http cache mimic-function@https://registry.npmjs.org/mimic-function/-/mimic-function-5.0.1.tgz 0ms (cache hit)
199 http cache signal-exit@https://registry.npmjs.org/signal-exit/-/signal-exit-4.1.0.tgz 0ms (cache hit)
200 http cache onetime@https://registry.npmjs.org/onetime/-/onetime-7.0.0.tgz 0ms (cache hit)
201 http cache yoctocolors@https://registry.npmjs.org/yoctocolors/-/yoctocolors-2.1.2.tgz 0ms (cache hit)
202 http cache is-network-error@https://registry.npmjs.org/is-network-error/-/is-network-error-1.3.0.tgz 0ms (cache hit)
203 http cache restore-cursor@https://registry.npmjs.org/restore-cursor/-/restore-cursor-5.1.0.tgz 0ms (cache hit)
204 http cache string-width@https://registry.npmjs.org/string-width/-/string-width-8.1.0.tgz 0ms (cache hit)
205 http cache is-unicode-supported@https://registry.npmjs.org/is-unicode-supported/-/is-unicode-supported-2.1.0.tgz 0ms (cache hit)
206 http cache is-interactive@https://registry.npmjs.org/is-interactive/-/is-interactive-2.0.0.tgz 0ms (cache hit)
207 http cache cli-spinners@https://registry.npmjs.org/cli-spinners/-/cli-spinners-3.4.0.tgz 0ms (cache hit)
208 http cache cli-cursor@https://registry.npmjs.org/cli-cursor/-/cli-cursor-5.0.0.tgz 0ms (cache hit)
209 http cache log-symbols@https://registry.npmjs.org/log-symbols/-/log-symbols-7.0.1.tgz 0ms (cache hit)
210 http cache arkregex@https://registry.npmjs.org/arkregex/-/arkregex-0.0.5.tgz 0ms (cache hit)
211 http cache chalk@https://registry.npmjs.org/chalk/-/chalk-5.6.2.tgz 0ms (cache hit)
212 http cache stdin-discarder@https://registry.npmjs.org/stdin-discarder/-/stdin-discarder-0.2.2.tgz 0ms (cache hit)
213 http cache @ark/util@https://registry.npmjs.org/@ark/util/-/util-0.56.0.tgz 0ms (cache hit)
214 http cache @ark/schema@https://registry.npmjs.org/@ark/schema/-/schema-0.56.0.tgz 0ms (cache hit)
215 http cache picocolors@https://registry.npmjs.org/picocolors/-/picocolors-1.1.1.tgz 0ms (cache hit)
216 http cache @clack/core@https://registry.npmjs.org/@clack/core/-/core-0.5.0.tgz 0ms (cache hit)
217 http cache sisteransi@https://registry.npmjs.org/sisteransi/-/sisteransi-1.0.5.tgz 0ms (cache hit)
218 http cache semver@https://registry.npmjs.org/semver/-/semver-7.7.3.tgz 0ms (cache hit)
219 http cache undici@https://registry.npmjs.org/undici/-/undici-7.19.2.tgz 0ms (cache hit)
220 http cache p-retry@https://registry.npmjs.org/p-retry/-/p-retry-7.1.1.tgz 0ms (cache hit)
221 http cache ora@https://registry.npmjs.org/ora/-/ora-9.1.0.tgz 0ms (cache hit)
222 http cache json5@https://registry.npmjs.org/json5/-/json5-2.2.3.tgz 0ms (cache hit)
223 http cache fflate@https://registry.npmjs.org/fflate/-/fflate-0.8.2.tgz 0ms (cache hit)
224 http cache commander@https://registry.npmjs.org/commander/-/commander-14.0.2.tgz 0ms (cache hit)
225 http cache mime@https://registry.npmjs.org/mime/-/mime-4.1.0.tgz 0ms (cache hit)
226 http cache arktype@https://registry.npmjs.org/arktype/-/arktype-2.1.29.tgz 0ms (cache hit)
227 http cache molthub@https://registry.npmjs.org/molthub/-/molthub-0.3.1-beta.1.tgz 0ms (cache hit)
228 http cache ignore@https://registry.npmjs.org/ignore/-/ignore-7.0.5.tgz 0ms (cache hit)
229 http cache @clack/prompts@https://registry.npmjs.org/@clack/prompts/-/prompts-0.11.0.tgz 0ms (cache hit)
230 silly tarball no local data for is-network-error@https://registry.npmjs.org/is-network-error/-/is-network-error-1.3.0.tgz. Extracting by manifest.
231 silly tarball no local data for string-width@https://registry.npmjs.org/string-width/-/string-width-8.1.0.tgz. Extracting by manifest.
232 silly tarball no local data for cli-spinners@https://registry.npmjs.org/cli-spinners/-/cli-spinners-3.4.0.tgz. Extracting by manifest.
233 silly tarball no local data for arkregex@https://registry.npmjs.org/arkregex/-/arkregex-0.0.5.tgz. Extracting by manifest.
234 silly tarball no local data for @ark/util@https://registry.npmjs.org/@ark/util/-/util-0.56.0.tgz. Extracting by manifest.
235 silly tarball no local data for @ark/schema@https://registry.npmjs.org/@ark/schema/-/schema-0.56.0.tgz. Extracting by manifest.
236 silly tarball no local data for p-retry@https://registry.npmjs.org/p-retry/-/p-retry-7.1.1.tgz. Extracting by manifest.
237 silly tarball no local data for ora@https://registry.npmjs.org/ora/-/ora-9.1.0.tgz. Extracting by manifest.
238 silly tarball no local data for fflate@https://registry.npmjs.org/fflate/-/fflate-0.8.2.tgz. Extracting by manifest.
239 silly tarball no local data for mime@https://registry.npmjs.org/mime/-/mime-4.1.0.tgz. Extracting by manifest.
240 silly tarball no local data for arktype@https://registry.npmjs.org/arktype/-/arktype-2.1.29.tgz. Extracting by manifest.
241 silly tarball no local data for molthub@https://registry.npmjs.org/molthub/-/molthub-0.3.1-beta.1.tgz. Extracting by manifest.
242 http fetch GET 200 https://registry.npmjs.org/cli-spinners/-/cli-spinners-3.4.0.tgz 77ms (cache miss)
243 http fetch GET 200 https://registry.npmjs.org/is-network-error/-/is-network-error-1.3.0.tgz 79ms (cache miss)
244 http fetch GET 200 https://registry.npmjs.org/string-width/-/string-width-8.1.0.tgz 79ms (cache miss)
245 http fetch GET 200 https://registry.npmjs.org/arkregex/-/arkregex-0.0.5.tgz 84ms (cache miss)
246 http fetch GET 200 https://registry.npmjs.org/@ark/schema/-/schema-0.56.0.tgz 114ms (cache miss)
247 http fetch GET 200 https://registry.npmjs.org/@ark/util/-/util-0.56.0.tgz 432ms (cache miss)
248 http fetch POST 200 https://registry.npmjs.org/-/npm/v1/security/advisories/bulk 460ms
249 silly audit report {}
250 http fetch GET 200 https://registry.npmjs.org/p-retry/-/p-retry-7.1.1.tgz 509ms (cache miss)
251 http fetch GET 200 https://registry.npmjs.org/ora/-/ora-9.1.0.tgz 510ms (cache miss)
252 http fetch GET 200 https://registry.npmjs.org/mime/-/mime-4.1.0.tgz 653ms (cache miss)
253 http fetch GET 200 https://registry.npmjs.org/arktype/-/arktype-2.1.29.tgz 691ms (cache miss)
254 http fetch GET 200 https://registry.npmjs.org/molthub/-/molthub-0.3.1-beta.1.tgz 693ms (cache miss)
255 http fetch GET 200 https://registry.npmjs.org/fflate/-/fflate-0.8.2.tgz 759ms (cache miss)
256 verbose cwd /Applications/MAMP/htdocs/bits-course
257 verbose os Darwin 25.2.0
258 verbose node v22.22.0
259 verbose npm  v10.9.4
260 verbose exit 0
261 info ok
