0 verbose cli /opt/homebrew/Cellar/node@22/22.22.0/bin/node /opt/homebrew/opt/node@22/bin/npm
1 info using npm@10.9.4
2 info using node@v22.22.0
3 silly config load:file:/opt/homebrew/Cellar/node@22/22.22.0/lib/node_modules/npm/npmrc
4 silly config load:file:/Applications/MAMP/htdocs/bits-course/.npmrc
5 silly config load:file:/Users/surajanand/.npmrc
6 silly config load:file:/opt/homebrew/etc/npmrc
7 verbose title npm view clawdbot@latest version
8 verbose argv "view" "clawdbot@latest" "version"
9 verbose logfile logs-max:10 dir:/Applications/MAMP/htdocs/bits-course/.npm-cache/_logs/2026-01-28T16_15_54_953Z-
10 verbose logfile /Applications/MAMP/htdocs/bits-course/.npm-cache/_logs/2026-01-28T16_15_54_953Z-debug-0.log
11 silly logfile start cleaning logs, removing 1 files
12 silly logfile done cleaning log files
13 http fetch GET 200 https://registry.npmjs.org/clawdbot 372ms (cache miss)
14 verbose cwd /Applications/MAMP/htdocs/bits-course
15 verbose os Darwin 25.2.0
16 verbose node v22.22.0
17 verbose npm  v10.9.4
18 verbose exit 0
19 info ok
