0 verbose cli /opt/homebrew/Cellar/node@22/22.22.0/bin/node /opt/homebrew/opt/node@22/bin/npm
1 info using npm@10.9.4
2 info using node@v22.22.0
3 silly config load:file:/opt/homebrew/Cellar/node@22/22.22.0/lib/node_modules/npm/npmrc
4 silly config load:file:/Applications/MAMP/htdocs/bits-course/.npmrc
5 silly config load:file:/Users/surajanand/.npmrc
6 silly config load:file:/opt/homebrew/etc/npmrc
7 verbose title npm cache clean
8 verbose argv "cache" "clean" "--force"
9 verbose logfile logs-max:10 dir:/Applications/MAMP/htdocs/bits-course/.npm-cache/_logs/2026-01-28T16_15_38_365Z-
10 verbose logfile /Applications/MAMP/htdocs/bits-course/.npm-cache/_logs/2026-01-28T16_15_38_365Z-debug-0.log
11 warn using --force Recommended protections disabled.
12 silly logfile start cleaning logs, removing 1 files
13 silly logfile done cleaning log files
14 verbose cwd /Applications/MAMP/htdocs/bits-course
15 verbose os Darwin 25.2.0
16 verbose node v22.22.0
17 verbose npm  v10.9.4
18 verbose exit 0
19 info ok
